 Abaqus/Standard Unofficial Packaging Version                  DATE 18-Mar-2026 TIME 16:36:32
 SUMMARY OF JOB INFORMATION:
 STEP  INC ATT SEVERE EQUIL TOTAL  TOTAL      STEP       INC OF       DOF    IF
               DISCON ITERS ITERS  TIME/    TIME/LPF    TIME/LPF    MONITOR RIKS
               ITERS               FREQ
   1     1   1     0     1     1  0.0100     0.0100     0.01000   
   1     2   1     0     1     1  0.0200     0.0200     0.01000   
   1     3   1     0     1     1  0.0300     0.0300     0.01000   
   1     4   1     0     1     1  0.0500     0.0500     0.02000   
   1     5   1     0     1     1  0.0900     0.0900     0.04000   
   1     6   1     0     1     1  0.170      0.170      0.08000   
   1     7   1     0     1     1  0.330      0.330      0.1600    
   1     8   1     0     1     1  0.650      0.650      0.3200    
   1     9   1     0     1     1  1.29       1.29       0.6400    
   1    10   1     0     1     1  2.57       2.57       1.280     
   1    11   1     0     1     1  5.13       5.13       2.560     
   1    12   1     0     1     1  10.2       10.2       5.120     
   1    13   1     0     1     1  15.4       15.4       5.120     
   1    14   1     0     1     1  20.5       20.5       5.120     
   1    15   1     0     1     1  30.7       30.7       10.24     
   1    16   1     0     1     1  41.0       41.0       10.24     
   1    17   1     0     1     1  51.2       51.2       10.24     
   1    18   1     0     1     1  61.5       61.5       10.24     
   1    19   1     0     1     1  71.7       71.7       10.24     
   1    20   1     0     1     1  81.9       81.9       10.24     
   1    21   1     0     1     1  92.2       92.2       10.24     
   1    22   1     0     1     1  102.       102.       10.24     
   1    23   1     0     1     1  122.       122.       19.77     
   1    24   1     0     1     1  142.       142.       19.77     
   1    25   1     0     1     1  162.       162.       19.77     
   1    26   1     0     1     1  181.       181.       19.77     
   1    27   1     0     1     1  201.       201.       19.77     
   1    28   1     0     1     1  221.       221.       19.77     
   1    29   1     0     1     1  241.       241.       19.77     
   1    30   1     0     1     1  261.       261.       19.77     
   1    31   1     0     1     1  280.       280.       19.77     
   1    32   1     0     1     1  300.       300.       19.77     
   1    33   1     0     1     1  320.       320.       19.77     
   1    34   1     0     1     1  340.       340.       19.77     
   1    35   1     0     1     1  359.       359.       19.77     
   1    36   1     0     1     1  379.       379.       19.77     
   1    37   1     0     1     1  399.       399.       19.77     
   1    38   1     0     1     1  419.       419.       19.77     
   1    39   1     0     1     1  438.       438.       19.77     
   1    40   1     0     1     1  458.       458.       19.77     
   1    41   1     0     1     1  478.       478.       19.77     
   1    42   1     0     1     1  498.       498.       19.77     
   1    43   1     0     1     1  518.       518.       19.77     
   1    44   1     0     1     1  537.       537.       19.77     
   1    45   1     0     1     1  557.       557.       19.77     
   1    46   1     0     1     1  577.       577.       19.77     
   1    47   1     0     1     1  597.       597.       19.77     
   1    48   1     0     1     1  634.       634.       37.57     
   1    49   1     0     1     1  672.       672.       37.57     
   1    50   1     0     1     1  709.       709.       37.57     
   1    51   1     0     1     1  747.       747.       37.57     
   1    52   1     0     1     1  784.       784.       37.57     
   1    53   1     0     1     1  822.       822.       37.57     
   1    54   1     0     1     1  860.       860.       37.57     
   1    55   1     0     1     1  901.       901.       41.64     
   1    56   1     0     1     1  943.       943.       41.64     
   1    57   1     0     1     1  984.       984.       41.64     
   1    58   1     0     1     1  1.03e+03   1.03e+03   41.64     
   1    59   1     0     1     1  1.07e+03   1.07e+03   41.64     
   1    60   1     0     1     1  1.11e+03   1.11e+03   41.64     
   1    61   1     0     1     1  1.15e+03   1.15e+03   41.64     
   1    62   1     0     1     1  1.20e+03   1.20e+03   45.44     
   1    63   1     0     1     1  1.24e+03   1.24e+03   45.44     
   1    64   1     0     1     1  1.29e+03   1.29e+03   45.44     
   1    65   1     0     1     1  1.33e+03   1.33e+03   45.44     
   1    66   1     0     1     1  1.38e+03   1.38e+03   45.44     
   1    67   1     0     1     1  1.42e+03   1.42e+03   45.44     
   1    68   1     0     1     1  1.47e+03   1.47e+03   45.44     
   1    69   1     0     1     1  1.51e+03   1.51e+03   45.44     
   1    70   1     0     1     1  1.56e+03   1.56e+03   49.56     
   1    71   1     0     1     1  1.61e+03   1.61e+03   49.56     
   1    72   1     0     1     1  1.66e+03   1.66e+03   49.56     
   1    73   1     0     1     1  1.71e+03   1.71e+03   49.56     
   1    74   1     0     1     1  1.76e+03   1.76e+03   49.56     
   1    75   1     0     1     1  1.81e+03   1.81e+03   49.56     
   1    76   1     0     1     1  1.86e+03   1.86e+03   49.56     
   1    77   1     0     1     1  1.91e+03   1.91e+03   49.56     
   1    78   1     0     1     1  1.96e+03   1.96e+03   49.56     
   1    79   1     0     1     1  2.01e+03   2.01e+03   53.94     
   1    80   1     0     1     1  2.07e+03   2.07e+03   53.94     
   1    81   1     0     1     1  2.12e+03   2.12e+03   53.94     
   1    82   1     0     1     1  2.18e+03   2.18e+03   53.94     
   1    83   1     0     1     1  2.23e+03   2.23e+03   53.94     
   1    84   1     0     1     1  2.28e+03   2.28e+03   53.94     
   1    85   1     0     1     1  2.34e+03   2.34e+03   53.94     
   1    86   1     0     1     1  2.39e+03   2.39e+03   53.94     
   1    87   1     0     1     1  2.45e+03   2.45e+03   53.94     
   1    88   1     0     1     1  2.50e+03   2.50e+03   53.94     
   1    89   1     0     1     1  2.56e+03   2.56e+03   58.67     
   1    90   1     0     1     1  2.62e+03   2.62e+03   58.67     
   1    91   1     0     1     1  2.68e+03   2.68e+03   58.67     
   1    92   1     0     1     1  2.73e+03   2.73e+03   58.67     
   1    93   1     0     1     1  2.79e+03   2.79e+03   58.67     
   1    94   1     0     1     1  2.85e+03   2.85e+03   58.67     
   1    95   1     0     1     1  2.91e+03   2.91e+03   58.67     
   1    96   1     0     1     1  2.97e+03   2.97e+03   58.67     
   1    97   1     0     1     1  3.03e+03   3.03e+03   58.67     
   1    98   1     0     1     1  3.09e+03   3.09e+03   58.67     
   1    99   1     0     1     1  3.15e+03   3.15e+03   58.67     
   1   100   1     0     1     1  3.21e+03   3.21e+03   63.71     
   1   101   1     0     1     1  3.27e+03   3.27e+03   63.71     
   1   102   1     0     1     1  3.34e+03   3.34e+03   63.71     
   1   103   1     0     1     1  3.40e+03   3.40e+03   63.71     
   1   104   1     0     1     1  3.46e+03   3.46e+03   63.71     
   1   105   1     0     1     1  3.53e+03   3.53e+03   63.71     
   1   106   1     0     1     1  3.59e+03   3.59e+03   63.71     
   1   107   1     0     1     1  3.65e+03   3.65e+03   63.71     
   1   108   1     0     1     1  3.72e+03   3.72e+03   63.71     
   1   109   1     0     1     1  3.78e+03   3.78e+03   63.71     
   1   110   1     0     1     1  3.85e+03   3.85e+03   63.71     
   1   111   1     0     1     1  3.92e+03   3.92e+03   69.07     
   1   112   1     0     1     1  3.98e+03   3.98e+03   69.07     
   1   113   1     0     1     1  4.05e+03   4.05e+03   69.07     
   1   114   1     0     1     1  4.12e+03   4.12e+03   69.07     
   1   115   1     0     1     1  4.19e+03   4.19e+03   69.07     
   1   116   1     0     1     1  4.26e+03   4.26e+03   69.07     
   1   117   1     0     1     1  4.33e+03   4.33e+03   69.07     
   1   118   1     0     1     1  4.40e+03   4.40e+03   69.07     
   1   119   1     0     1     1  4.47e+03   4.47e+03   69.07     
   1   120   1     0     1     1  4.54e+03   4.54e+03   69.07     
   1   121   1     0     1     1  4.61e+03   4.61e+03   69.07     
   1   122   1     0     1     1  4.68e+03   4.68e+03   75.14     
   1   123   1     0     1     1  4.76e+03   4.76e+03   75.14     
   1   124   1     0     1     1  4.83e+03   4.83e+03   75.14     
   1   125   1     0     1     1  4.91e+03   4.91e+03   75.14     
   1   126   1     0     1     1  4.98e+03   4.98e+03   75.14     
   1   127   1     0     1     1  5.06e+03   5.06e+03   75.14     
   1   128   1     0     1     1  5.13e+03   5.13e+03   75.14     
   1   129   1     0     1     1  5.21e+03   5.21e+03   75.14     
   1   130   1     0     1     1  5.28e+03   5.28e+03   75.14     
   1   131   1     0     1     1  5.36e+03   5.36e+03   75.14     
   1   132   1     0     1     1  5.44e+03   5.44e+03   81.46     
   1   133   1     0     1     1  5.52e+03   5.52e+03   81.46     
   1   134   1     0     1     1  5.60e+03   5.60e+03   81.46     
   1   135   1     0     1     1  5.68e+03   5.68e+03   81.46     
   1   136   1     0     1     1  5.76e+03   5.76e+03   81.46     
   1   137   1     0     1     1  5.85e+03   5.85e+03   81.46     
   1   138   1     0     1     1  5.93e+03   5.93e+03   81.46     
   1   139   1     0     1     1  6.01e+03   6.01e+03   81.46     
   1   140   1     0     1     1  6.09e+03   6.09e+03   81.46     
   1   141   1     0     1     1  6.17e+03   6.17e+03   81.46     
   1   142   1     0     1     1  6.26e+03   6.26e+03   88.65     
   1   143   1     0     1     1  6.35e+03   6.35e+03   88.65     
   1   144   1     0     1     1  6.44e+03   6.44e+03   88.65     
   1   145   1     0     1     1  6.53e+03   6.53e+03   88.65     
   1   146   1     0     1     1  6.62e+03   6.62e+03   88.65     
   1   147   1     0     1     1  6.70e+03   6.70e+03   88.65     
   1   148   1     0     1     1  6.79e+03   6.79e+03   88.65     
   1   149   1     0     1     1  6.88e+03   6.88e+03   88.65     
   1   150   1     0     1     1  6.97e+03   6.97e+03   88.65     
   1   151   1     0     1     1  7.06e+03   7.06e+03   88.65     
   1   152   1     0     1     1  7.16e+03   7.16e+03   96.87     
   1   153   1     0     1     1  7.25e+03   7.25e+03   96.87     
   1   154   1     0     1     1  7.35e+03   7.35e+03   96.87     
   1   155   1     0     1     1  7.45e+03   7.45e+03   96.87     
   1   156   1     0     1     1  7.54e+03   7.54e+03   96.87     
   1   157   1     0     1     1  7.64e+03   7.64e+03   96.87     
   1   158   1     0     1     1  7.74e+03   7.74e+03   96.87     
   1   159   1     0     1     1  7.83e+03   7.83e+03   96.87     
   1   160   1     0     1     1  7.93e+03   7.93e+03   96.87     
   1   161   1     0     1     1  8.04e+03   8.04e+03   105.4     
   1   162   1     0     1     1  8.14e+03   8.14e+03   105.4     
   1   163   1     0     1     1  8.25e+03   8.25e+03   105.4     
   1   164   1     0     1     1  8.35e+03   8.35e+03   105.4     
   1   165   1     0     1     1  8.46e+03   8.46e+03   105.4     
   1   166   1     0     1     1  8.56e+03   8.56e+03   105.4     
   1   167   1     0     1     1  8.67e+03   8.67e+03   105.4     
   1   168   1     0     1     1  8.77e+03   8.77e+03   105.4     
   1   169   1     0     1     1  8.88e+03   8.88e+03   105.4     
   1   170   1     0     1     1  8.99e+03   8.99e+03   115.2     
   1   171   1     0     1     1  9.11e+03   9.11e+03   115.2     
   1   172   1     0     1     1  9.22e+03   9.22e+03   115.2     
   1   173   1     0     1     1  9.34e+03   9.34e+03   115.2     
   1   174   1     0     1     1  9.45e+03   9.45e+03   115.2     
   1   175   1     0     1     1  9.57e+03   9.57e+03   115.2     
   1   176   1     0     1     1  9.69e+03   9.69e+03   115.2     
   1   177   1     0     1     1  9.80e+03   9.80e+03   115.2     
   1   178   1     0     1     1  9.92e+03   9.92e+03   115.2     
   1   179   1     0     1     1  1.00e+04   1.00e+04   84.16     
                          
 THE ANALYSIS HAS COMPLETED SUCCESSFULLY
